Archive member included because of file (symbol)

/usr/local/CrossPack-AVR-20121128/lib/gcc/avr/4.6.2/avr51/libgcc.a(_mulsi3.o)
                              ff.o (__mulsi3)
/usr/local/CrossPack-AVR-20121128/lib/gcc/avr/4.6.2/avr51/libgcc.a(_udivmodhi4.o)
                              mmc_avr_spi.o (__udivmodhi4)
/usr/local/CrossPack-AVR-20121128/lib/gcc/avr/4.6.2/avr51/libgcc.a(_udivmodsi4.o)
                              ff.o (__udivmodsi4)
/usr/local/CrossPack-AVR-20121128/lib/gcc/avr/4.6.2/avr51/libgcc.a(_exit.o)
                              /usr/local/CrossPack-AVR-20121128/lib/gcc/avr/4.6.2/../../../../avr/lib/avr51/crtm128.o (exit)
/usr/local/CrossPack-AVR-20121128/lib/gcc/avr/4.6.2/avr51/libgcc.a(_copy_data.o)
                              sd_card_test.o (__do_copy_data)
/usr/local/CrossPack-AVR-20121128/lib/gcc/avr/4.6.2/avr51/libgcc.a(_clear_bss.o)
                              sd_card_test.o (__do_clear_bss)

Memory Configuration

Name             Origin             Length             Attributes
text             0x00000000         0x00020000         xr
data             0x00800100         0x0000ff00         rw !x
eeprom           0x00810000         0x00010000         rw !x
fuse             0x00820000         0x00000400         rw !x
lock             0x00830000         0x00000400         rw !x
signature        0x00840000         0x00000400         rw !x
*default*        0x00000000         0xffffffff

Linker script and memory map

Address of section .data set to 0x800100
LOAD /usr/local/CrossPack-AVR-20121128/lib/gcc/avr/4.6.2/../../../../avr/lib/avr51/crtm128.o
LOAD sd_card_test.o
LOAD mmc_avr_spi.o
LOAD RSXAVRD.o
LOAD ff.o
LOAD diskio.o
LOAD /usr/local/CrossPack-AVR-20121128/lib/gcc/avr/4.6.2/avr51/libgcc.a
LOAD /usr/local/CrossPack-AVR-20121128/lib/gcc/avr/4.6.2/../../../../avr/lib/avr51/libc.a
LOAD /usr/local/CrossPack-AVR-20121128/lib/gcc/avr/4.6.2/avr51/libgcc.a

.hash
 *(.hash)

.dynsym
 *(.dynsym)

.dynstr
 *(.dynstr)

.gnu.version
 *(.gnu.version)

.gnu.version_d
 *(.gnu.version_d)

.gnu.version_r
 *(.gnu.version_r)

.rel.init
 *(.rel.init)

.rela.init
 *(.rela.init)

.rel.text
 *(.rel.text)
 *(.rel.text.*)
 *(.rel.gnu.linkonce.t*)

.rela.text
 *(.rela.text)
 *(.rela.text.*)
 *(.rela.gnu.linkonce.t*)

.rel.fini
 *(.rel.fini)

.rela.fini
 *(.rela.fini)

.rel.rodata
 *(.rel.rodata)
 *(.rel.rodata.*)
 *(.rel.gnu.linkonce.r*)

.rela.rodata
 *(.rela.rodata)
 *(.rela.rodata.*)
 *(.rela.gnu.linkonce.r*)

.rel.data
 *(.rel.data)
 *(.rel.data.*)
 *(.rel.gnu.linkonce.d*)

.rela.data
 *(.rela.data)
 *(.rela.data.*)
 *(.rela.gnu.linkonce.d*)

.rel.ctors
 *(.rel.ctors)

.rela.ctors
 *(.rela.ctors)

.rel.dtors
 *(.rel.dtors)

.rela.dtors
 *(.rela.dtors)

.rel.got
 *(.rel.got)

.rela.got
 *(.rela.got)

.rel.bss
 *(.rel.bss)

.rela.bss
 *(.rela.bss)

.rel.plt
 *(.rel.plt)

.rela.plt
 *(.rela.plt)

.text           0x00000000     0x5dfa
 *(.vectors)
 .vectors       0x00000000       0x8c /usr/local/CrossPack-AVR-20121128/lib/gcc/avr/4.6.2/../../../../avr/lib/avr51/crtm128.o
                0x00000000                __vectors
                0x00000000                __vector_default
 *(.vectors)
 *(.progmem.gcc*)
 *(.progmem*)
                0x0000008c                . = ALIGN (0x2)
                0x0000008c                __trampolines_start = .
 *(.trampolines)
 .trampolines   0x0000008c        0x0 linker stubs
 *(.trampolines*)
                0x0000008c                __trampolines_end = .
 *(.jumptables)
 *(.jumptables*)
 *(.lowtext)
 *(.lowtext*)
                0x0000008c                __ctors_start = .
 *(.ctors)
                0x0000008c                __ctors_end = .
                0x0000008c                __dtors_start = .
 *(.dtors)
                0x0000008c                __dtors_end = .
 SORT(*)(.ctors)
 SORT(*)(.dtors)
 *(.init0)
 .init0         0x0000008c        0x0 /usr/local/CrossPack-AVR-20121128/lib/gcc/avr/4.6.2/../../../../avr/lib/avr51/crtm128.o
                0x0000008c                __init
 *(.init0)
 *(.init1)
 *(.init1)
 *(.init2)
 .init2         0x0000008c        0xc /usr/local/CrossPack-AVR-20121128/lib/gcc/avr/4.6.2/../../../../avr/lib/avr51/crtm128.o
 *(.init2)
 *(.init3)
 *(.init3)
 *(.init4)
 .init4         0x00000098       0x1c /usr/local/CrossPack-AVR-20121128/lib/gcc/avr/4.6.2/avr51/libgcc.a(_copy_data.o)
                0x00000098                __do_copy_data
 .init4         0x000000b4       0x10 /usr/local/CrossPack-AVR-20121128/lib/gcc/avr/4.6.2/avr51/libgcc.a(_clear_bss.o)
                0x000000b4                __do_clear_bss
 *(.init4)
 *(.init5)
 *(.init5)
 *(.init6)
 *(.init6)
 *(.init7)
 *(.init7)
 *(.init8)
 *(.init8)
 *(.init9)
 .init9         0x000000c4        0x8 /usr/local/CrossPack-AVR-20121128/lib/gcc/avr/4.6.2/../../../../avr/lib/avr51/crtm128.o
 *(.init9)
 *(.text)
 .text          0x000000cc        0x4 /usr/local/CrossPack-AVR-20121128/lib/gcc/avr/4.6.2/../../../../avr/lib/avr51/crtm128.o
                0x000000cc                __vector_20
                0x000000cc                __vector_28
                0x000000cc                __vector_32
                0x000000cc                __vector_34
                0x000000cc                __vector_24
                0x000000cc                __bad_interrupt
                0x000000cc                __vector_6
                0x000000cc                __vector_31
                0x000000cc                __vector_23
                0x000000cc                __vector_30
                0x000000cc                __vector_25
                0x000000cc                __vector_11
                0x000000cc                __vector_13
                0x000000cc                __vector_17
                0x000000cc                __vector_19
                0x000000cc                __vector_27
                0x000000cc                __vector_33
                0x000000cc                __vector_9
                0x000000cc                __vector_21
                0x000000cc                __vector_15
                0x000000cc                __vector_29
                0x000000cc                __vector_26
                0x000000cc                __vector_14
                0x000000cc                __vector_10
                0x000000cc                __vector_16
                0x000000cc                __vector_18
                0x000000cc                __vector_22
 .text          0x000000d0        0x0 sd_card_test.o
 .text          0x000000d0      0xe3c mmc_avr_spi.o
                0x00000354                mmc_disk_initialize
                0x000004e8                mmc_disk_status
                0x000004ee                mmc_disk_read
                0x000005bc                mmc_disk_write
                0x000006e0                mmc_disk_ioctl
                0x00000ee4                mmc_disk_timerproc
 .text          0x00000f0c      0x4b2 RSXAVRD.o
                0x00000f0c                get_time
                0x00000f16                get_TE0_status
                0x00000f1c                get_TE1_status
                0x00000f22                get_calibration_status
                0x00000f28                __vector_1
                0x00000f4a                __vector_2
                0x00000f6c                __vector_3
                0x00000f8e                __vector_4
                0x00000fb0                __vector_5
                0x00000fd2                __vector_7
                0x00000ff0                __vector_8
                0x0000100e                __vector_12
                0x00001044                AVR_init
                0x00001088                timer_counter_enable
                0x000010a2                timer_event_enable
                0x000010fa                send_code
                0x00001162                camera_enable
                0x000011a0                touch_sensor_check
                0x000011a8                temperature_probe_sample
                0x000011be                motor_calibration_enable
                0x00001228                motor_pwr
                0x0000128e                motor_dir
                0x000012ee                motor_step
 .text          0x000013be     0x493c ff.o
                0x000033ca                f_mount
                0x00003468                f_open
                0x00003954                f_read
                0x00003cd4                f_write
                0x0000422e                f_sync
                0x0000434e                f_close
                0x00004398                f_lseek
                0x00004870                f_opendir
                0x00004962                f_closedir
                0x00004994                f_readdir
                0x00004a2c                f_stat
                0x00004ac4                f_getfree
                0x00004d5c                f_truncate
                0x00004f1e                f_unlink
                0x0000508e                f_mkdir
                0x0000542c                f_rename
                0x000056e6                f_gets
                0x00005782                f_putc
                0x000057cc                f_puts
                0x00005848                f_printf
 .text          0x00005cfa       0x1c diskio.o
                0x00005cfa                disk_status
                0x00005cfe                disk_initialize
                0x00005d02                disk_read
                0x00005d08                disk_write
                0x00005d0e                disk_ioctl
                0x00005d14                disk_timerproc
 .text          0x00005d16        0x0 /usr/local/CrossPack-AVR-20121128/lib/gcc/avr/4.6.2/avr51/libgcc.a(_mulsi3.o)
 .text          0x00005d16        0x0 /usr/local/CrossPack-AVR-20121128/lib/gcc/avr/4.6.2/avr51/libgcc.a(_udivmodhi4.o)
 .text          0x00005d16        0x0 /usr/local/CrossPack-AVR-20121128/lib/gcc/avr/4.6.2/avr51/libgcc.a(_udivmodsi4.o)
 .text          0x00005d16        0x0 /usr/local/CrossPack-AVR-20121128/lib/gcc/avr/4.6.2/avr51/libgcc.a(_exit.o)
 .text          0x00005d16        0x0 /usr/local/CrossPack-AVR-20121128/lib/gcc/avr/4.6.2/avr51/libgcc.a(_copy_data.o)
 .text          0x00005d16        0x0 /usr/local/CrossPack-AVR-20121128/lib/gcc/avr/4.6.2/avr51/libgcc.a(_clear_bss.o)
                0x00005d16                . = ALIGN (0x2)
 *(.text.*)
 .text.startup  0x00005d16       0x36 sd_card_test.o
                0x00005d16                main
 .text.libgcc   0x00005d4c       0x3e /usr/local/CrossPack-AVR-20121128/lib/gcc/avr/4.6.2/avr51/libgcc.a(_mulsi3.o)
                0x00005d4c                __mulsi3
 .text.libgcc   0x00005d8a       0x28 /usr/local/CrossPack-AVR-20121128/lib/gcc/avr/4.6.2/avr51/libgcc.a(_udivmodhi4.o)
                0x00005d8a                __udivmodhi4
 .text.libgcc   0x00005db2       0x44 /usr/local/CrossPack-AVR-20121128/lib/gcc/avr/4.6.2/avr51/libgcc.a(_udivmodsi4.o)
                0x00005db2                __udivmodsi4
 .text.libgcc   0x00005df6        0x0 /usr/local/CrossPack-AVR-20121128/lib/gcc/avr/4.6.2/avr51/libgcc.a(_exit.o)
 .text.libgcc   0x00005df6        0x0 /usr/local/CrossPack-AVR-20121128/lib/gcc/avr/4.6.2/avr51/libgcc.a(_copy_data.o)
 .text.libgcc   0x00005df6        0x0 /usr/local/CrossPack-AVR-20121128/lib/gcc/avr/4.6.2/avr51/libgcc.a(_clear_bss.o)
                0x00005df6                . = ALIGN (0x2)
 *(.fini9)
 .fini9         0x00005df6        0x0 /usr/local/CrossPack-AVR-20121128/lib/gcc/avr/4.6.2/avr51/libgcc.a(_exit.o)
                0x00005df6                exit
                0x00005df6                _exit
 *(.fini9)
 *(.fini8)
 *(.fini8)
 *(.fini7)
 *(.fini7)
 *(.fini6)
 *(.fini6)
 *(.fini5)
 *(.fini5)
 *(.fini4)
 *(.fini4)
 *(.fini3)
 *(.fini3)
 *(.fini2)
 *(.fini2)
 *(.fini1)
 *(.fini1)
 *(.fini0)
 .fini0         0x00005df6        0x4 /usr/local/CrossPack-AVR-20121128/lib/gcc/avr/4.6.2/avr51/libgcc.a(_exit.o)
 *(.fini0)
                0x00005dfa                _etext = .

.data           0x00800100       0x20 load address 0x00005dfa
                0x00800100                PROVIDE (__data_start, .)
 *(.data)
 .data          0x00800100        0x0 /usr/local/CrossPack-AVR-20121128/lib/gcc/avr/4.6.2/../../../../avr/lib/avr51/crtm128.o
 .data          0x00800100        0x4 sd_card_test.o
 .data          0x00800104        0x1 mmc_avr_spi.o
 .data          0x00800105        0xc RSXAVRD.o
 .data          0x00800111        0xf ff.o
 .data          0x00800120        0x0 diskio.o
 .data          0x00800120        0x0 /usr/local/CrossPack-AVR-20121128/lib/gcc/avr/4.6.2/avr51/libgcc.a(_mulsi3.o)
 .data          0x00800120        0x0 /usr/local/CrossPack-AVR-20121128/lib/gcc/avr/4.6.2/avr51/libgcc.a(_udivmodhi4.o)
 .data          0x00800120        0x0 /usr/local/CrossPack-AVR-20121128/lib/gcc/avr/4.6.2/avr51/libgcc.a(_udivmodsi4.o)
 .data          0x00800120        0x0 /usr/local/CrossPack-AVR-20121128/lib/gcc/avr/4.6.2/avr51/libgcc.a(_exit.o)
 .data          0x00800120        0x0 /usr/local/CrossPack-AVR-20121128/lib/gcc/avr/4.6.2/avr51/libgcc.a(_copy_data.o)
 .data          0x00800120        0x0 /usr/local/CrossPack-AVR-20121128/lib/gcc/avr/4.6.2/avr51/libgcc.a(_clear_bss.o)
 *(.data*)
 *(.rodata)
 *(.rodata*)
 *(.gnu.linkonce.d*)
                0x00800120                . = ALIGN (0x2)
                0x00800120                _edata = .
                0x00800120                PROVIDE (__data_end, .)

.bss            0x00800120        0xd
                0x00800120                PROVIDE (__bss_start, .)
 *(.bss)
 .bss           0x00800120        0x0 /usr/local/CrossPack-AVR-20121128/lib/gcc/avr/4.6.2/../../../../avr/lib/avr51/crtm128.o
 .bss           0x00800120        0x0 sd_card_test.o
 .bss           0x00800120        0x3 mmc_avr_spi.o
 .bss           0x00800123        0x6 RSXAVRD.o
                0x00800123                time
                0x00800125                timer_event1_flg
                0x00800126                timer_event0_flg
                0x00800127                calibration_flg
 .bss           0x00800129        0x4 ff.o
 .bss           0x0080012d        0x0 diskio.o
 .bss           0x0080012d        0x0 /usr/local/CrossPack-AVR-20121128/lib/gcc/avr/4.6.2/avr51/libgcc.a(_mulsi3.o)
 .bss           0x0080012d        0x0 /usr/local/CrossPack-AVR-20121128/lib/gcc/avr/4.6.2/avr51/libgcc.a(_udivmodhi4.o)
 .bss           0x0080012d        0x0 /usr/local/CrossPack-AVR-20121128/lib/gcc/avr/4.6.2/avr51/libgcc.a(_udivmodsi4.o)
 .bss           0x0080012d        0x0 /usr/local/CrossPack-AVR-20121128/lib/gcc/avr/4.6.2/avr51/libgcc.a(_exit.o)
 .bss           0x0080012d        0x0 /usr/local/CrossPack-AVR-20121128/lib/gcc/avr/4.6.2/avr51/libgcc.a(_copy_data.o)
 .bss           0x0080012d        0x0 /usr/local/CrossPack-AVR-20121128/lib/gcc/avr/4.6.2/avr51/libgcc.a(_clear_bss.o)
 *(.bss*)
 *(COMMON)
                0x0080012d                PROVIDE (__bss_end, .)
                0x00005dfa                __data_load_start = LOADADDR (.data)
                0x00005e1a                __data_load_end = (__data_load_start + SIZEOF (.data))

.noinit         0x0080012d        0x0
                0x0080012d                PROVIDE (__noinit_start, .)
 *(.noinit*)
                0x0080012d                PROVIDE (__noinit_end, .)
                0x0080012d                _end = .
                0x0080012d                PROVIDE (__heap_start, .)

.eeprom         0x00810000        0x0
 *(.eeprom*)
                0x00810000                __eeprom_end = .

.fuse
 *(.fuse)
 *(.lfuse)
 *(.hfuse)
 *(.efuse)

.lock
 *(.lock*)

.signature
 *(.signature*)

.stab           0x00000000      0x6cc
 *(.stab)
 .stab          0x00000000      0x6cc /usr/local/CrossPack-AVR-20121128/lib/gcc/avr/4.6.2/../../../../avr/lib/avr51/crtm128.o

.stabstr        0x00000000       0x81
 *(.stabstr)
 .stabstr       0x00000000       0x81 /usr/local/CrossPack-AVR-20121128/lib/gcc/avr/4.6.2/../../../../avr/lib/avr51/crtm128.o

.stab.excl
 *(.stab.excl)

.stab.exclstr
 *(.stab.exclstr)

.stab.index
 *(.stab.index)

.stab.indexstr
 *(.stab.indexstr)

.comment
 *(.comment)

.debug
 *(.debug)

.line
 *(.line)

.debug_srcinfo
 *(.debug_srcinfo)

.debug_sfnames
 *(.debug_sfnames)

.debug_aranges  0x00000000      0x160
 *(.debug_aranges)
 .debug_aranges
                0x00000000       0x20 sd_card_test.o
 .debug_aranges
                0x00000020       0x20 mmc_avr_spi.o
 .debug_aranges
                0x00000040       0x20 RSXAVRD.o
 .debug_aranges
                0x00000060       0x20 ff.o
 .debug_aranges
                0x00000080       0x20 diskio.o
 .debug_aranges
                0x000000a0       0x20 /usr/local/CrossPack-AVR-20121128/lib/gcc/avr/4.6.2/avr51/libgcc.a(_mulsi3.o)
 .debug_aranges
                0x000000c0       0x20 /usr/local/CrossPack-AVR-20121128/lib/gcc/avr/4.6.2/avr51/libgcc.a(_udivmodhi4.o)
 .debug_aranges
                0x000000e0       0x20 /usr/local/CrossPack-AVR-20121128/lib/gcc/avr/4.6.2/avr51/libgcc.a(_udivmodsi4.o)
 .debug_aranges
                0x00000100       0x20 /usr/local/CrossPack-AVR-20121128/lib/gcc/avr/4.6.2/avr51/libgcc.a(_exit.o)
 .debug_aranges
                0x00000120       0x20 /usr/local/CrossPack-AVR-20121128/lib/gcc/avr/4.6.2/avr51/libgcc.a(_copy_data.o)
 .debug_aranges
                0x00000140       0x20 /usr/local/CrossPack-AVR-20121128/lib/gcc/avr/4.6.2/avr51/libgcc.a(_clear_bss.o)

.debug_pubnames
 *(.debug_pubnames)

.debug_info     0x00000000     0x4f97
 *(.debug_info)
 .debug_info    0x00000000      0x26c sd_card_test.o
 .debug_info    0x0000026c      0xda1 mmc_avr_spi.o
 .debug_info    0x0000100d      0x669 RSXAVRD.o
 .debug_info    0x00001676     0x323f ff.o
 .debug_info    0x000048b5      0x25c diskio.o
 .debug_info    0x00004b11       0xc1 /usr/local/CrossPack-AVR-20121128/lib/gcc/avr/4.6.2/avr51/libgcc.a(_mulsi3.o)
 .debug_info    0x00004bd2       0xc1 /usr/local/CrossPack-AVR-20121128/lib/gcc/avr/4.6.2/avr51/libgcc.a(_udivmodhi4.o)
 .debug_info    0x00004c93       0xc1 /usr/local/CrossPack-AVR-20121128/lib/gcc/avr/4.6.2/avr51/libgcc.a(_udivmodsi4.o)
 .debug_info    0x00004d54       0xc1 /usr/local/CrossPack-AVR-20121128/lib/gcc/avr/4.6.2/avr51/libgcc.a(_exit.o)
 .debug_info    0x00004e15       0xc1 /usr/local/CrossPack-AVR-20121128/lib/gcc/avr/4.6.2/avr51/libgcc.a(_copy_data.o)
 .debug_info    0x00004ed6       0xc1 /usr/local/CrossPack-AVR-20121128/lib/gcc/avr/4.6.2/avr51/libgcc.a(_clear_bss.o)
 *(.gnu.linkonce.wi.*)

.debug_abbrev   0x00000000      0x999
 *(.debug_abbrev)
 .debug_abbrev  0x00000000       0xb2 sd_card_test.o
 .debug_abbrev  0x000000b2      0x2e2 mmc_avr_spi.o
 .debug_abbrev  0x00000394      0x1de RSXAVRD.o
 .debug_abbrev  0x00000572      0x2f0 ff.o
 .debug_abbrev  0x00000862       0xbf diskio.o
 .debug_abbrev  0x00000921       0x14 /usr/local/CrossPack-AVR-20121128/lib/gcc/avr/4.6.2/avr51/libgcc.a(_mulsi3.o)
 .debug_abbrev  0x00000935       0x14 /usr/local/CrossPack-AVR-20121128/lib/gcc/avr/4.6.2/avr51/libgcc.a(_udivmodhi4.o)
 .debug_abbrev  0x00000949       0x14 /usr/local/CrossPack-AVR-20121128/lib/gcc/avr/4.6.2/avr51/libgcc.a(_udivmodsi4.o)
 .debug_abbrev  0x0000095d       0x14 /usr/local/CrossPack-AVR-20121128/lib/gcc/avr/4.6.2/avr51/libgcc.a(_exit.o)
 .debug_abbrev  0x00000971       0x14 /usr/local/CrossPack-AVR-20121128/lib/gcc/avr/4.6.2/avr51/libgcc.a(_copy_data.o)
 .debug_abbrev  0x00000985       0x14 /usr/local/CrossPack-AVR-20121128/lib/gcc/avr/4.6.2/avr51/libgcc.a(_clear_bss.o)

.debug_line     0x00000000     0x1820
 *(.debug_line)
 .debug_line    0x00000000       0xb1 sd_card_test.o
 .debug_line    0x000000b1      0x52c mmc_avr_spi.o
 .debug_line    0x000005dd      0x1b3 RSXAVRD.o
 .debug_line    0x00000790      0xd98 ff.o
 .debug_line    0x00001528       0x6d diskio.o
 .debug_line    0x00001595       0x79 /usr/local/CrossPack-AVR-20121128/lib/gcc/avr/4.6.2/avr51/libgcc.a(_mulsi3.o)
 .debug_line    0x0000160e       0x6e /usr/local/CrossPack-AVR-20121128/lib/gcc/avr/4.6.2/avr51/libgcc.a(_udivmodhi4.o)
 .debug_line    0x0000167c       0x7c /usr/local/CrossPack-AVR-20121128/lib/gcc/avr/4.6.2/avr51/libgcc.a(_udivmodsi4.o)
 .debug_line    0x000016f8       0x5c /usr/local/CrossPack-AVR-20121128/lib/gcc/avr/4.6.2/avr51/libgcc.a(_exit.o)
 .debug_line    0x00001754       0x6a /usr/local/CrossPack-AVR-20121128/lib/gcc/avr/4.6.2/avr51/libgcc.a(_copy_data.o)
 .debug_line    0x000017be       0x62 /usr/local/CrossPack-AVR-20121128/lib/gcc/avr/4.6.2/avr51/libgcc.a(_clear_bss.o)

.debug_frame    0x00000000      0xf20
 *(.debug_frame)
 .debug_frame   0x00000000       0x34 sd_card_test.o
 .debug_frame   0x00000034      0x198 mmc_avr_spi.o
 .debug_frame   0x000001cc      0x260 RSXAVRD.o
 .debug_frame   0x0000042c      0xa80 ff.o
 .debug_frame   0x00000eac       0x74 diskio.o

.debug_str      0x00000000      0x987
 *(.debug_str)
 .debug_str     0x00000000      0x233 sd_card_test.o
                                0x276 (size before relaxing)
 .debug_str     0x00000233      0x183 mmc_avr_spi.o
                                0x25a (size before relaxing)
 .debug_str     0x000003b6      0x27c RSXAVRD.o
                                0x30f (size before relaxing)
 .debug_str     0x00000632      0x347 ff.o
                                0x63f (size before relaxing)
 .debug_str     0x00000979        0xe diskio.o
                                0x14a (size before relaxing)

.debug_loc      0x00000000     0x9a78
 *(.debug_loc)
 .debug_loc     0x00000000       0x3c sd_card_test.o
 .debug_loc     0x0000003c     0x118c mmc_avr_spi.o
 .debug_loc     0x000011c8      0x5e9 RSXAVRD.o
 .debug_loc     0x000017b1     0x8268 ff.o
 .debug_loc     0x00009a19       0x5f diskio.o

.debug_macinfo
 *(.debug_macinfo)
OUTPUT(sd_card_test.elf elf32-avr)
LOAD linker stubs

.debug_ranges   0x00000000      0x478
 .debug_ranges  0x00000000       0x10 sd_card_test.o
 .debug_ranges  0x00000010       0x78 mmc_avr_spi.o
 .debug_ranges  0x00000088      0x3f0 ff.o
