Archive member included because of file (symbol)

/usr/local/CrossPack-AVR-20121128/lib/gcc/avr/4.6.2/avr5/libgcc.a(_mulsi3.o)
                              ff.o (__mulsi3)
/usr/local/CrossPack-AVR-20121128/lib/gcc/avr/4.6.2/avr5/libgcc.a(_udivmodsi4.o)
                              ff.o (__udivmodsi4)
/usr/local/CrossPack-AVR-20121128/lib/gcc/avr/4.6.2/avr5/libgcc.a(_exit.o)
                              /usr/local/CrossPack-AVR-20121128/lib/gcc/avr/4.6.2/../../../../avr/lib/avr5/crtm64.o (exit)
/usr/local/CrossPack-AVR-20121128/lib/gcc/avr/4.6.2/avr5/libgcc.a(_copy_data.o)
                              test.o (__do_copy_data)
/usr/local/CrossPack-AVR-20121128/lib/gcc/avr/4.6.2/avr5/libgcc.a(_clear_bss.o)
                              test.o (__do_clear_bss)
/usr/local/CrossPack-AVR-20121128/lib/gcc/avr/4.6.2/../../../../avr/lib/avr5/libc.a(malloc.o)
                              sd_card_test.o (malloc)
/usr/local/CrossPack-AVR-20121128/lib/gcc/avr/4.6.2/../../../../avr/lib/avr5/libc.a(printf.o)
                              sd_card_test.o (printf)
/usr/local/CrossPack-AVR-20121128/lib/gcc/avr/4.6.2/../../../../avr/lib/avr5/libc.a(vfprintf_std.o)
                              /usr/local/CrossPack-AVR-20121128/lib/gcc/avr/4.6.2/../../../../avr/lib/avr5/libc.a(printf.o) (vfprintf)
/usr/local/CrossPack-AVR-20121128/lib/gcc/avr/4.6.2/../../../../avr/lib/avr5/libc.a(strnlen_P.o)
                              /usr/local/CrossPack-AVR-20121128/lib/gcc/avr/4.6.2/../../../../avr/lib/avr5/libc.a(vfprintf_std.o) (strnlen_P)
/usr/local/CrossPack-AVR-20121128/lib/gcc/avr/4.6.2/../../../../avr/lib/avr5/libc.a(strnlen.o)
                              /usr/local/CrossPack-AVR-20121128/lib/gcc/avr/4.6.2/../../../../avr/lib/avr5/libc.a(vfprintf_std.o) (strnlen)
/usr/local/CrossPack-AVR-20121128/lib/gcc/avr/4.6.2/../../../../avr/lib/avr5/libc.a(fputc.o)
                              /usr/local/CrossPack-AVR-20121128/lib/gcc/avr/4.6.2/../../../../avr/lib/avr5/libc.a(vfprintf_std.o) (fputc)
/usr/local/CrossPack-AVR-20121128/lib/gcc/avr/4.6.2/../../../../avr/lib/avr5/libc.a(iob.o)
                              /usr/local/CrossPack-AVR-20121128/lib/gcc/avr/4.6.2/../../../../avr/lib/avr5/libc.a(printf.o) (__iob)
/usr/local/CrossPack-AVR-20121128/lib/gcc/avr/4.6.2/../../../../avr/lib/avr5/libc.a(ultoa_invert.o)
                              /usr/local/CrossPack-AVR-20121128/lib/gcc/avr/4.6.2/../../../../avr/lib/avr5/libc.a(vfprintf_std.o) (__ultoa_invert)
/usr/local/CrossPack-AVR-20121128/lib/gcc/avr/4.6.2/avr5/libgcc.a(_prologue.o)
                              /usr/local/CrossPack-AVR-20121128/lib/gcc/avr/4.6.2/../../../../avr/lib/avr5/libc.a(printf.o) (__prologue_saves__)
/usr/local/CrossPack-AVR-20121128/lib/gcc/avr/4.6.2/avr5/libgcc.a(_epilogue.o)
                              /usr/local/CrossPack-AVR-20121128/lib/gcc/avr/4.6.2/../../../../avr/lib/avr5/libc.a(printf.o) (__epilogue_restores__)

Allocating common symbols
Common symbol       size              file

__brkval            0x2               /usr/local/CrossPack-AVR-20121128/lib/gcc/avr/4.6.2/../../../../avr/lib/avr5/libc.a(malloc.o)
__flp               0x2               /usr/local/CrossPack-AVR-20121128/lib/gcc/avr/4.6.2/../../../../avr/lib/avr5/libc.a(malloc.o)
__iob               0x6               /usr/local/CrossPack-AVR-20121128/lib/gcc/avr/4.6.2/../../../../avr/lib/avr5/libc.a(iob.o)

Memory Configuration

Name             Origin             Length             Attributes
text             0x00000000         0x00020000         xr
data             0x00800060         0x0000ffa0         rw !x
eeprom           0x00810000         0x00010000         rw !x
fuse             0x00820000         0x00000400         rw !x
lock             0x00830000         0x00000400         rw !x
signature        0x00840000         0x00000400         rw !x
*default*        0x00000000         0xffffffff

Linker script and memory map

Address of section .data set to 0x800100
LOAD /usr/local/CrossPack-AVR-20121128/lib/gcc/avr/4.6.2/../../../../avr/lib/avr5/crtm64.o
LOAD test.o
LOAD RSXAVRD.o
LOAD ff.o
LOAD diskio.o
LOAD mmc_avr_spi.o
LOAD sd_card_test.o
LOAD /usr/local/CrossPack-AVR-20121128/lib/gcc/avr/4.6.2/avr5/libgcc.a
LOAD /usr/local/CrossPack-AVR-20121128/lib/gcc/avr/4.6.2/../../../../avr/lib/avr5/libc.a
LOAD /usr/local/CrossPack-AVR-20121128/lib/gcc/avr/4.6.2/avr5/libgcc.a

.hash
 *(.hash)

.dynsym
 *(.dynsym)

.dynstr
 *(.dynstr)

.gnu.version
 *(.gnu.version)

.gnu.version_d
 *(.gnu.version_d)

.gnu.version_r
 *(.gnu.version_r)

.rel.init
 *(.rel.init)

.rela.init
 *(.rela.init)

.rel.text
 *(.rel.text)
 *(.rel.text.*)
 *(.rel.gnu.linkonce.t*)

.rela.text
 *(.rela.text)
 *(.rela.text.*)
 *(.rela.gnu.linkonce.t*)

.rel.fini
 *(.rel.fini)

.rela.fini
 *(.rela.fini)

.rel.rodata
 *(.rel.rodata)
 *(.rel.rodata.*)
 *(.rel.gnu.linkonce.r*)

.rela.rodata
 *(.rela.rodata)
 *(.rela.rodata.*)
 *(.rela.gnu.linkonce.r*)

.rel.data
 *(.rel.data)
 *(.rel.data.*)
 *(.rel.gnu.linkonce.d*)

.rela.data
 *(.rela.data)
 *(.rela.data.*)
 *(.rela.gnu.linkonce.d*)

.rel.ctors
 *(.rel.ctors)

.rela.ctors
 *(.rela.ctors)

.rel.dtors
 *(.rel.dtors)

.rela.dtors
 *(.rela.dtors)

.rel.got
 *(.rel.got)

.rela.got
 *(.rela.got)

.rel.bss
 *(.rel.bss)

.rela.bss
 *(.rela.bss)

.rel.plt
 *(.rel.plt)

.rela.plt
 *(.rela.plt)

.text           0x00000000     0x5ef2
 *(.vectors)
 .vectors       0x00000000       0x8c /usr/local/CrossPack-AVR-20121128/lib/gcc/avr/4.6.2/../../../../avr/lib/avr5/crtm64.o
                0x00000000                __vectors
                0x00000000                __vector_default
 *(.vectors)
 *(.progmem.gcc*)
 *(.progmem*)
                0x0000008c                . = ALIGN (0x2)
                0x0000008c                __trampolines_start = .
 *(.trampolines)
 .trampolines   0x0000008c        0x0 linker stubs
 *(.trampolines*)
                0x0000008c                __trampolines_end = .
 *(.jumptables)
 *(.jumptables*)
 *(.lowtext)
 *(.lowtext*)
                0x0000008c                __ctors_start = .
 *(.ctors)
                0x0000008c                __ctors_end = .
                0x0000008c                __dtors_start = .
 *(.dtors)
                0x0000008c                __dtors_end = .
 SORT(*)(.ctors)
 SORT(*)(.dtors)
 *(.init0)
 .init0         0x0000008c        0x0 /usr/local/CrossPack-AVR-20121128/lib/gcc/avr/4.6.2/../../../../avr/lib/avr5/crtm64.o
                0x0000008c                __init
 *(.init0)
 *(.init1)
 *(.init1)
 *(.init2)
 .init2         0x0000008c        0xc /usr/local/CrossPack-AVR-20121128/lib/gcc/avr/4.6.2/../../../../avr/lib/avr5/crtm64.o
 *(.init2)
 *(.init3)
 *(.init3)
 *(.init4)
 .init4         0x00000098       0x16 /usr/local/CrossPack-AVR-20121128/lib/gcc/avr/4.6.2/avr5/libgcc.a(_copy_data.o)
                0x00000098                __do_copy_data
 .init4         0x000000ae       0x10 /usr/local/CrossPack-AVR-20121128/lib/gcc/avr/4.6.2/avr5/libgcc.a(_clear_bss.o)
                0x000000ae                __do_clear_bss
 *(.init4)
 *(.init5)
 *(.init5)
 *(.init6)
 *(.init6)
 *(.init7)
 *(.init7)
 *(.init8)
 *(.init8)
 *(.init9)
 .init9         0x000000be        0x8 /usr/local/CrossPack-AVR-20121128/lib/gcc/avr/4.6.2/../../../../avr/lib/avr5/crtm64.o
 *(.init9)
 *(.text)
 .text          0x000000c6        0x4 /usr/local/CrossPack-AVR-20121128/lib/gcc/avr/4.6.2/../../../../avr/lib/avr5/crtm64.o
                0x000000c6                __vector_20
                0x000000c6                __vector_28
                0x000000c6                __vector_32
                0x000000c6                __vector_34
                0x000000c6                __vector_24
                0x000000c6                __bad_interrupt
                0x000000c6                __vector_6
                0x000000c6                __vector_31
                0x000000c6                __vector_23
                0x000000c6                __vector_30
                0x000000c6                __vector_25
                0x000000c6                __vector_11
                0x000000c6                __vector_13
                0x000000c6                __vector_17
                0x000000c6                __vector_19
                0x000000c6                __vector_27
                0x000000c6                __vector_33
                0x000000c6                __vector_9
                0x000000c6                __vector_21
                0x000000c6                __vector_15
                0x000000c6                __vector_29
                0x000000c6                __vector_26
                0x000000c6                __vector_14
                0x000000c6                __vector_10
                0x000000c6                __vector_16
                0x000000c6                __vector_18
                0x000000c6                __vector_22
 .text          0x000000ca        0x0 test.o
 .text          0x000000ca      0x4b2 RSXAVRD.o
                0x000000ca                get_time
                0x000000d4                get_TE0_status
                0x000000da                get_TE1_status
                0x000000e0                get_calibration_status
                0x000000e6                __vector_1
                0x00000108                __vector_2
                0x0000012a                __vector_3
                0x0000014c                __vector_4
                0x0000016e                __vector_5
                0x00000190                __vector_7
                0x000001ae                __vector_8
                0x000001cc                __vector_12
                0x00000202                AVR_init
                0x00000246                timer_counter_enable
                0x00000260                timer_event_enable
                0x000002b8                send_code
                0x00000320                camera_enable
                0x0000035e                touch_sensor_check
                0x00000366                temperature_probe_sample
                0x0000037c                motor_calibration_enable
                0x000003e6                motor_pwr
                0x0000044c                motor_dir
                0x000004ac                motor_step
 .text          0x0000057c     0x424a ff.o
                0x00002594                f_mount
                0x00002632                f_open
                0x00002b1e                f_read
                0x00002e9e                f_write
                0x0000330e                f_sync
                0x0000342e                f_close
                0x00003478                f_lseek
                0x00003950                f_opendir
                0x00003a42                f_closedir
                0x00003a74                f_readdir
                0x00003b0c                f_stat
                0x00003ba4                f_getfree
                0x00003e3c                f_truncate
                0x00003ffe                f_unlink
                0x0000416e                f_mkdir
                0x0000450c                f_rename
 .text          0x000047c6       0x1c diskio.o
                0x000047c6                disk_status
                0x000047ca                disk_initialize
                0x000047ce                disk_read
                0x000047d4                disk_write
                0x000047da                disk_ioctl
                0x000047e0                disk_timerproc
 .text          0x000047e2      0xd50 mmc_avr_spi.o
                0x000049e2                mmc_disk_initialize
                0x00004b88                mmc_disk_status
                0x00004b8e                mmc_disk_read
                0x00004c58                mmc_disk_write
                0x00004d76                mmc_disk_ioctl
                0x0000550a                mmc_disk_timerproc
 .text          0x00005532        0x0 sd_card_test.o
 .text          0x00005532        0x0 /usr/local/CrossPack-AVR-20121128/lib/gcc/avr/4.6.2/avr5/libgcc.a(_mulsi3.o)
 .text          0x00005532        0x0 /usr/local/CrossPack-AVR-20121128/lib/gcc/avr/4.6.2/avr5/libgcc.a(_udivmodsi4.o)
 .text          0x00005532        0x0 /usr/local/CrossPack-AVR-20121128/lib/gcc/avr/4.6.2/avr5/libgcc.a(_exit.o)
 .text          0x00005532        0x0 /usr/local/CrossPack-AVR-20121128/lib/gcc/avr/4.6.2/avr5/libgcc.a(_copy_data.o)
 .text          0x00005532        0x0 /usr/local/CrossPack-AVR-20121128/lib/gcc/avr/4.6.2/avr5/libgcc.a(_clear_bss.o)
 .text          0x00005532        0x0 /usr/local/CrossPack-AVR-20121128/lib/gcc/avr/4.6.2/../../../../avr/lib/avr5/libc.a(malloc.o)
 .text          0x00005532        0x0 /usr/local/CrossPack-AVR-20121128/lib/gcc/avr/4.6.2/../../../../avr/lib/avr5/libc.a(printf.o)
 .text          0x00005532        0x0 /usr/local/CrossPack-AVR-20121128/lib/gcc/avr/4.6.2/../../../../avr/lib/avr5/libc.a(vfprintf_std.o)
 .text          0x00005532        0x0 /usr/local/CrossPack-AVR-20121128/lib/gcc/avr/4.6.2/../../../../avr/lib/avr5/libc.a(strnlen_P.o)
 .text          0x00005532        0x0 /usr/local/CrossPack-AVR-20121128/lib/gcc/avr/4.6.2/../../../../avr/lib/avr5/libc.a(strnlen.o)
 .text          0x00005532        0x0 /usr/local/CrossPack-AVR-20121128/lib/gcc/avr/4.6.2/../../../../avr/lib/avr5/libc.a(fputc.o)
 .text          0x00005532        0x0 /usr/local/CrossPack-AVR-20121128/lib/gcc/avr/4.6.2/../../../../avr/lib/avr5/libc.a(iob.o)
 .text          0x00005532        0x0 /usr/local/CrossPack-AVR-20121128/lib/gcc/avr/4.6.2/../../../../avr/lib/avr5/libc.a(ultoa_invert.o)
 .text          0x00005532        0x0 /usr/local/CrossPack-AVR-20121128/lib/gcc/avr/4.6.2/avr5/libgcc.a(_prologue.o)
 .text          0x00005532        0x0 /usr/local/CrossPack-AVR-20121128/lib/gcc/avr/4.6.2/avr5/libgcc.a(_epilogue.o)
                0x00005532                . = ALIGN (0x2)
 *(.text.*)
 .text.startup  0x00005532       0x58 test.o
                0x00005532                main
 .text.startup  0x0000558a       0xf0 sd_card_test.o
 .text.libgcc   0x0000567a       0x3e /usr/local/CrossPack-AVR-20121128/lib/gcc/avr/4.6.2/avr5/libgcc.a(_mulsi3.o)
                0x0000567a                __mulsi3
 .text.libgcc   0x000056b8       0x44 /usr/local/CrossPack-AVR-20121128/lib/gcc/avr/4.6.2/avr5/libgcc.a(_udivmodsi4.o)
                0x000056b8                __udivmodsi4
 .text.libgcc   0x000056fc        0x0 /usr/local/CrossPack-AVR-20121128/lib/gcc/avr/4.6.2/avr5/libgcc.a(_exit.o)
 .text.libgcc   0x000056fc        0x0 /usr/local/CrossPack-AVR-20121128/lib/gcc/avr/4.6.2/avr5/libgcc.a(_copy_data.o)
 .text.libgcc   0x000056fc        0x0 /usr/local/CrossPack-AVR-20121128/lib/gcc/avr/4.6.2/avr5/libgcc.a(_clear_bss.o)
 .text.avr-libc
                0x000056fc      0x25e /usr/local/CrossPack-AVR-20121128/lib/gcc/avr/4.6.2/../../../../avr/lib/avr5/libc.a(malloc.o)
                0x000056fc                malloc
                0x00005828                free
 .text.avr-libc
                0x0000595a       0x2a /usr/local/CrossPack-AVR-20121128/lib/gcc/avr/4.6.2/../../../../avr/lib/avr5/libc.a(printf.o)
                0x0000595a                printf
 .text.avr-libc
                0x00005984      0x3bc /usr/local/CrossPack-AVR-20121128/lib/gcc/avr/4.6.2/../../../../avr/lib/avr5/libc.a(vfprintf_std.o)
                0x00005984                vfprintf
 .text.avr-libc
                0x00005d40       0x16 /usr/local/CrossPack-AVR-20121128/lib/gcc/avr/4.6.2/../../../../avr/lib/avr5/libc.a(strnlen_P.o)
                0x00005d40                strnlen_P
 .text.avr-libc
                0x00005d56       0x16 /usr/local/CrossPack-AVR-20121128/lib/gcc/avr/4.6.2/../../../../avr/lib/avr5/libc.a(strnlen.o)
                0x00005d56                strnlen
 .text.avr-libc
                0x00005d6c       0x58 /usr/local/CrossPack-AVR-20121128/lib/gcc/avr/4.6.2/../../../../avr/lib/avr5/libc.a(fputc.o)
                0x00005d6c                fputc
 .text.avr-libc
                0x00005dc4       0xbc /usr/local/CrossPack-AVR-20121128/lib/gcc/avr/4.6.2/../../../../avr/lib/avr5/libc.a(ultoa_invert.o)
                0x00005dc4                __ultoa_invert
 .text.libgcc   0x00005e80       0x38 /usr/local/CrossPack-AVR-20121128/lib/gcc/avr/4.6.2/avr5/libgcc.a(_prologue.o)
                0x00005e80                __prologue_saves__
 .text.libgcc   0x00005eb8       0x36 /usr/local/CrossPack-AVR-20121128/lib/gcc/avr/4.6.2/avr5/libgcc.a(_epilogue.o)
                0x00005eb8                __epilogue_restores__
                0x00005eee                . = ALIGN (0x2)
 *(.fini9)
 .fini9         0x00005eee        0x0 /usr/local/CrossPack-AVR-20121128/lib/gcc/avr/4.6.2/avr5/libgcc.a(_exit.o)
                0x00005eee                exit
                0x00005eee                _exit
 *(.fini9)
 *(.fini8)
 *(.fini8)
 *(.fini7)
 *(.fini7)
 *(.fini6)
 *(.fini6)
 *(.fini5)
 *(.fini5)
 *(.fini4)
 *(.fini4)
 *(.fini3)
 *(.fini3)
 *(.fini2)
 *(.fini2)
 *(.fini1)
 *(.fini1)
 *(.fini0)
 .fini0         0x00005eee        0x4 /usr/local/CrossPack-AVR-20121128/lib/gcc/avr/4.6.2/avr5/libgcc.a(_exit.o)
 *(.fini0)
                0x00005ef2                _etext = .

.data           0x00800100       0x4e load address 0x00005ef2
                0x00800100                PROVIDE (__data_start, .)
 *(.data)
 .data          0x00800100        0x0 /usr/local/CrossPack-AVR-20121128/lib/gcc/avr/4.6.2/../../../../avr/lib/avr5/crtm64.o
 .data          0x00800100        0x0 test.o
 .data          0x00800100        0xc RSXAVRD.o
 .data          0x0080010c        0xf ff.o
 .data          0x0080011b        0x0 diskio.o
 .data          0x0080011b        0x1 mmc_avr_spi.o
 .data          0x0080011c       0x2b sd_card_test.o
 .data          0x00800147        0x0 /usr/local/CrossPack-AVR-20121128/lib/gcc/avr/4.6.2/avr5/libgcc.a(_mulsi3.o)
 .data          0x00800147        0x0 /usr/local/CrossPack-AVR-20121128/lib/gcc/avr/4.6.2/avr5/libgcc.a(_udivmodsi4.o)
 .data          0x00800147        0x0 /usr/local/CrossPack-AVR-20121128/lib/gcc/avr/4.6.2/avr5/libgcc.a(_exit.o)
 .data          0x00800147        0x0 /usr/local/CrossPack-AVR-20121128/lib/gcc/avr/4.6.2/avr5/libgcc.a(_copy_data.o)
 .data          0x00800147        0x0 /usr/local/CrossPack-AVR-20121128/lib/gcc/avr/4.6.2/avr5/libgcc.a(_clear_bss.o)
 .data          0x00800147        0x6 /usr/local/CrossPack-AVR-20121128/lib/gcc/avr/4.6.2/../../../../avr/lib/avr5/libc.a(malloc.o)
                0x00800147                __malloc_heap_end
                0x00800149                __malloc_heap_start
                0x0080014b                __malloc_margin
 .data          0x0080014d        0x0 /usr/local/CrossPack-AVR-20121128/lib/gcc/avr/4.6.2/../../../../avr/lib/avr5/libc.a(printf.o)
 .data          0x0080014d        0x0 /usr/local/CrossPack-AVR-20121128/lib/gcc/avr/4.6.2/../../../../avr/lib/avr5/libc.a(vfprintf_std.o)
 .data          0x0080014d        0x0 /usr/local/CrossPack-AVR-20121128/lib/gcc/avr/4.6.2/../../../../avr/lib/avr5/libc.a(strnlen_P.o)
 .data          0x0080014d        0x0 /usr/local/CrossPack-AVR-20121128/lib/gcc/avr/4.6.2/../../../../avr/lib/avr5/libc.a(strnlen.o)
 .data          0x0080014d        0x0 /usr/local/CrossPack-AVR-20121128/lib/gcc/avr/4.6.2/../../../../avr/lib/avr5/libc.a(fputc.o)
 .data          0x0080014d        0x0 /usr/local/CrossPack-AVR-20121128/lib/gcc/avr/4.6.2/../../../../avr/lib/avr5/libc.a(iob.o)
 .data          0x0080014d        0x0 /usr/local/CrossPack-AVR-20121128/lib/gcc/avr/4.6.2/../../../../avr/lib/avr5/libc.a(ultoa_invert.o)
 .data          0x0080014d        0x0 /usr/local/CrossPack-AVR-20121128/lib/gcc/avr/4.6.2/avr5/libgcc.a(_prologue.o)
 .data          0x0080014d        0x0 /usr/local/CrossPack-AVR-20121128/lib/gcc/avr/4.6.2/avr5/libgcc.a(_epilogue.o)
 *(.data*)
 *(.rodata)
 *(.rodata*)
 *(.gnu.linkonce.d*)
                0x0080014e                . = ALIGN (0x2)
 *fill*         0x0080014d        0x1 00
                0x0080014e                _edata = .
                0x0080014e                PROVIDE (__data_end, .)

.bss            0x0080014e       0x17
                0x0080014e                PROVIDE (__bss_start, .)
 *(.bss)
 .bss           0x0080014e        0x0 /usr/local/CrossPack-AVR-20121128/lib/gcc/avr/4.6.2/../../../../avr/lib/avr5/crtm64.o
 .bss           0x0080014e        0x0 test.o
 .bss           0x0080014e        0x6 RSXAVRD.o
                0x0080014e                time
                0x00800150                timer_event1_flg
                0x00800151                timer_event0_flg
                0x00800152                calibration_flg
 .bss           0x00800154        0x4 ff.o
 .bss           0x00800158        0x0 diskio.o
 .bss           0x00800158        0x3 mmc_avr_spi.o
 .bss           0x0080015b        0x0 sd_card_test.o
 .bss           0x0080015b        0x0 /usr/local/CrossPack-AVR-20121128/lib/gcc/avr/4.6.2/avr5/libgcc.a(_mulsi3.o)
 .bss           0x0080015b        0x0 /usr/local/CrossPack-AVR-20121128/lib/gcc/avr/4.6.2/avr5/libgcc.a(_udivmodsi4.o)
 .bss           0x0080015b        0x0 /usr/local/CrossPack-AVR-20121128/lib/gcc/avr/4.6.2/avr5/libgcc.a(_exit.o)
 .bss           0x0080015b        0x0 /usr/local/CrossPack-AVR-20121128/lib/gcc/avr/4.6.2/avr5/libgcc.a(_copy_data.o)
 .bss           0x0080015b        0x0 /usr/local/CrossPack-AVR-20121128/lib/gcc/avr/4.6.2/avr5/libgcc.a(_clear_bss.o)
 .bss           0x0080015b        0x0 /usr/local/CrossPack-AVR-20121128/lib/gcc/avr/4.6.2/../../../../avr/lib/avr5/libc.a(malloc.o)
 .bss           0x0080015b        0x0 /usr/local/CrossPack-AVR-20121128/lib/gcc/avr/4.6.2/../../../../avr/lib/avr5/libc.a(printf.o)
 .bss           0x0080015b        0x0 /usr/local/CrossPack-AVR-20121128/lib/gcc/avr/4.6.2/../../../../avr/lib/avr5/libc.a(vfprintf_std.o)
 .bss           0x0080015b        0x0 /usr/local/CrossPack-AVR-20121128/lib/gcc/avr/4.6.2/../../../../avr/lib/avr5/libc.a(strnlen_P.o)
 .bss           0x0080015b        0x0 /usr/local/CrossPack-AVR-20121128/lib/gcc/avr/4.6.2/../../../../avr/lib/avr5/libc.a(strnlen.o)
 .bss           0x0080015b        0x0 /usr/local/CrossPack-AVR-20121128/lib/gcc/avr/4.6.2/../../../../avr/lib/avr5/libc.a(fputc.o)
 .bss           0x0080015b        0x0 /usr/local/CrossPack-AVR-20121128/lib/gcc/avr/4.6.2/../../../../avr/lib/avr5/libc.a(iob.o)
 .bss           0x0080015b        0x0 /usr/local/CrossPack-AVR-20121128/lib/gcc/avr/4.6.2/../../../../avr/lib/avr5/libc.a(ultoa_invert.o)
 .bss           0x0080015b        0x0 /usr/local/CrossPack-AVR-20121128/lib/gcc/avr/4.6.2/avr5/libgcc.a(_prologue.o)
 .bss           0x0080015b        0x0 /usr/local/CrossPack-AVR-20121128/lib/gcc/avr/4.6.2/avr5/libgcc.a(_epilogue.o)
 *(.bss*)
 *(COMMON)
 COMMON         0x0080015b        0x4 /usr/local/CrossPack-AVR-20121128/lib/gcc/avr/4.6.2/../../../../avr/lib/avr5/libc.a(malloc.o)
                0x0080015b                __brkval
                0x0080015d                __flp
 COMMON         0x0080015f        0x6 /usr/local/CrossPack-AVR-20121128/lib/gcc/avr/4.6.2/../../../../avr/lib/avr5/libc.a(iob.o)
                0x0080015f                __iob
                0x00800165                PROVIDE (__bss_end, .)
                0x00005ef2                __data_load_start = LOADADDR (.data)
                0x00005f40                __data_load_end = (__data_load_start + SIZEOF (.data))

.noinit         0x00800165        0x0
                0x00800165                PROVIDE (__noinit_start, .)
 *(.noinit*)
                0x00800165                PROVIDE (__noinit_end, .)
                0x00800165                _end = .
                0x00800165                PROVIDE (__heap_start, .)

.eeprom         0x00810000        0x0
 *(.eeprom*)
                0x00810000                __eeprom_end = .

.fuse
 *(.fuse)
 *(.lfuse)
 *(.hfuse)
 *(.efuse)

.lock
 *(.lock*)

.signature
 *(.signature*)

.stab           0x00000000      0xc84
 *(.stab)
 .stab          0x00000000      0x6cc /usr/local/CrossPack-AVR-20121128/lib/gcc/avr/4.6.2/../../../../avr/lib/avr5/crtm64.o
 .stab          0x000006cc       0x9c /usr/local/CrossPack-AVR-20121128/lib/gcc/avr/4.6.2/../../../../avr/lib/avr5/libc.a(strnlen_P.o)
                                 0xa8 (size before relaxing)
 .stab          0x00000768       0x9c /usr/local/CrossPack-AVR-20121128/lib/gcc/avr/4.6.2/../../../../avr/lib/avr5/libc.a(strnlen.o)
                                 0xa8 (size before relaxing)
 .stab          0x00000804      0x480 /usr/local/CrossPack-AVR-20121128/lib/gcc/avr/4.6.2/../../../../avr/lib/avr5/libc.a(ultoa_invert.o)
                                0x48c (size before relaxing)

.stabstr        0x00000000      0x19d
 *(.stabstr)
 .stabstr       0x00000000      0x19d /usr/local/CrossPack-AVR-20121128/lib/gcc/avr/4.6.2/../../../../avr/lib/avr5/crtm64.o

.stab.excl
 *(.stab.excl)

.stab.exclstr
 *(.stab.exclstr)

.stab.index
 *(.stab.index)

.stab.indexstr
 *(.stab.indexstr)

.comment
 *(.comment)

.debug
 *(.debug)

.line
 *(.line)

.debug_srcinfo
 *(.debug_srcinfo)

.debug_sfnames
 *(.debug_sfnames)

.debug_aranges  0x00000000      0x228
 *(.debug_aranges)
 .debug_aranges
                0x00000000       0x20 test.o
 .debug_aranges
                0x00000020       0x20 RSXAVRD.o
 .debug_aranges
                0x00000040       0x20 ff.o
 .debug_aranges
                0x00000060       0x20 diskio.o
 .debug_aranges
                0x00000080       0x20 mmc_avr_spi.o
 .debug_aranges
                0x000000a0       0x20 sd_card_test.o
 .debug_aranges
                0x000000c0       0x20 /usr/local/CrossPack-AVR-20121128/lib/gcc/avr/4.6.2/avr5/libgcc.a(_mulsi3.o)
 .debug_aranges
                0x000000e0       0x20 /usr/local/CrossPack-AVR-20121128/lib/gcc/avr/4.6.2/avr5/libgcc.a(_udivmodsi4.o)
 .debug_aranges
                0x00000100       0x20 /usr/local/CrossPack-AVR-20121128/lib/gcc/avr/4.6.2/avr5/libgcc.a(_exit.o)
 .debug_aranges
                0x00000120       0x20 /usr/local/CrossPack-AVR-20121128/lib/gcc/avr/4.6.2/avr5/libgcc.a(_copy_data.o)
 .debug_aranges
                0x00000140       0x20 /usr/local/CrossPack-AVR-20121128/lib/gcc/avr/4.6.2/avr5/libgcc.a(_clear_bss.o)
 .debug_aranges
                0x00000160       0x28 /usr/local/CrossPack-AVR-20121128/lib/gcc/avr/4.6.2/../../../../avr/lib/avr5/libc.a(malloc.o)
 .debug_aranges
                0x00000188       0x20 /usr/local/CrossPack-AVR-20121128/lib/gcc/avr/4.6.2/../../../../avr/lib/avr5/libc.a(printf.o)
 .debug_aranges
                0x000001a8       0x20 /usr/local/CrossPack-AVR-20121128/lib/gcc/avr/4.6.2/../../../../avr/lib/avr5/libc.a(vfprintf_std.o)
 .debug_aranges
                0x000001c8       0x20 /usr/local/CrossPack-AVR-20121128/lib/gcc/avr/4.6.2/../../../../avr/lib/avr5/libc.a(fputc.o)
 .debug_aranges
                0x000001e8       0x20 /usr/local/CrossPack-AVR-20121128/lib/gcc/avr/4.6.2/avr5/libgcc.a(_prologue.o)
 .debug_aranges
                0x00000208       0x20 /usr/local/CrossPack-AVR-20121128/lib/gcc/avr/4.6.2/avr5/libgcc.a(_epilogue.o)

.debug_pubnames
 *(.debug_pubnames)

.debug_info     0x00000000     0x5962
 *(.debug_info)
 .debug_info    0x00000000       0xb3 test.o
 .debug_info    0x000000b3      0x669 RSXAVRD.o
 .debug_info    0x0000071c     0x2e28 ff.o
 .debug_info    0x00003544      0x25c diskio.o
 .debug_info    0x000037a0      0xe2f mmc_avr_spi.o
 .debug_info    0x000045cf      0x3eb sd_card_test.o
 .debug_info    0x000049ba       0xc0 /usr/local/CrossPack-AVR-20121128/lib/gcc/avr/4.6.2/avr5/libgcc.a(_mulsi3.o)
 .debug_info    0x00004a7a       0xc0 /usr/local/CrossPack-AVR-20121128/lib/gcc/avr/4.6.2/avr5/libgcc.a(_udivmodsi4.o)
 .debug_info    0x00004b3a       0xc0 /usr/local/CrossPack-AVR-20121128/lib/gcc/avr/4.6.2/avr5/libgcc.a(_exit.o)
 .debug_info    0x00004bfa       0xc0 /usr/local/CrossPack-AVR-20121128/lib/gcc/avr/4.6.2/avr5/libgcc.a(_copy_data.o)
 .debug_info    0x00004cba       0xc0 /usr/local/CrossPack-AVR-20121128/lib/gcc/avr/4.6.2/avr5/libgcc.a(_clear_bss.o)
 .debug_info    0x00004d7a      0x29a /usr/local/CrossPack-AVR-20121128/lib/gcc/avr/4.6.2/../../../../avr/lib/avr5/libc.a(malloc.o)
 .debug_info    0x00005014      0x1ca /usr/local/CrossPack-AVR-20121128/lib/gcc/avr/4.6.2/../../../../avr/lib/avr5/libc.a(printf.o)
 .debug_info    0x000051de      0x346 /usr/local/CrossPack-AVR-20121128/lib/gcc/avr/4.6.2/../../../../avr/lib/avr5/libc.a(vfprintf_std.o)
 .debug_info    0x00005524      0x16b /usr/local/CrossPack-AVR-20121128/lib/gcc/avr/4.6.2/../../../../avr/lib/avr5/libc.a(fputc.o)
 .debug_info    0x0000568f      0x153 /usr/local/CrossPack-AVR-20121128/lib/gcc/avr/4.6.2/../../../../avr/lib/avr5/libc.a(iob.o)
 .debug_info    0x000057e2       0xc0 /usr/local/CrossPack-AVR-20121128/lib/gcc/avr/4.6.2/avr5/libgcc.a(_prologue.o)
 .debug_info    0x000058a2       0xc0 /usr/local/CrossPack-AVR-20121128/lib/gcc/avr/4.6.2/avr5/libgcc.a(_epilogue.o)
 *(.gnu.linkonce.wi.*)

.debug_abbrev   0x00000000      0xf22
 *(.debug_abbrev)
 .debug_abbrev  0x00000000       0x77 test.o
 .debug_abbrev  0x00000077      0x1de RSXAVRD.o
 .debug_abbrev  0x00000255      0x254 ff.o
 .debug_abbrev  0x000004a9       0xbf diskio.o
 .debug_abbrev  0x00000568      0x2c3 mmc_avr_spi.o
 .debug_abbrev  0x0000082b      0x151 sd_card_test.o
 .debug_abbrev  0x0000097c       0x14 /usr/local/CrossPack-AVR-20121128/lib/gcc/avr/4.6.2/avr5/libgcc.a(_mulsi3.o)
 .debug_abbrev  0x00000990       0x14 /usr/local/CrossPack-AVR-20121128/lib/gcc/avr/4.6.2/avr5/libgcc.a(_udivmodsi4.o)
 .debug_abbrev  0x000009a4       0x14 /usr/local/CrossPack-AVR-20121128/lib/gcc/avr/4.6.2/avr5/libgcc.a(_exit.o)
 .debug_abbrev  0x000009b8       0x14 /usr/local/CrossPack-AVR-20121128/lib/gcc/avr/4.6.2/avr5/libgcc.a(_copy_data.o)
 .debug_abbrev  0x000009cc       0x14 /usr/local/CrossPack-AVR-20121128/lib/gcc/avr/4.6.2/avr5/libgcc.a(_clear_bss.o)
 .debug_abbrev  0x000009e0       0xf7 /usr/local/CrossPack-AVR-20121128/lib/gcc/avr/4.6.2/../../../../avr/lib/avr5/libc.a(malloc.o)
 .debug_abbrev  0x00000ad7      0x11e /usr/local/CrossPack-AVR-20121128/lib/gcc/avr/4.6.2/../../../../avr/lib/avr5/libc.a(printf.o)
 .debug_abbrev  0x00000bf5      0x163 /usr/local/CrossPack-AVR-20121128/lib/gcc/avr/4.6.2/../../../../avr/lib/avr5/libc.a(vfprintf_std.o)
 .debug_abbrev  0x00000d58       0xdb /usr/local/CrossPack-AVR-20121128/lib/gcc/avr/4.6.2/../../../../avr/lib/avr5/libc.a(fputc.o)
 .debug_abbrev  0x00000e33       0xc7 /usr/local/CrossPack-AVR-20121128/lib/gcc/avr/4.6.2/../../../../avr/lib/avr5/libc.a(iob.o)
 .debug_abbrev  0x00000efa       0x14 /usr/local/CrossPack-AVR-20121128/lib/gcc/avr/4.6.2/avr5/libgcc.a(_prologue.o)
 .debug_abbrev  0x00000f0e       0x14 /usr/local/CrossPack-AVR-20121128/lib/gcc/avr/4.6.2/avr5/libgcc.a(_epilogue.o)

.debug_line     0x00000000     0x1c18
 *(.debug_line)
 .debug_line    0x00000000       0x99 test.o
 .debug_line    0x00000099      0x1b3 RSXAVRD.o
 .debug_line    0x0000024c      0xbd2 ff.o
 .debug_line    0x00000e1e       0x6d diskio.o
 .debug_line    0x00000e8b      0x512 mmc_avr_spi.o
 .debug_line    0x0000139d       0x6c sd_card_test.o
 .debug_line    0x00001409       0x79 /usr/local/CrossPack-AVR-20121128/lib/gcc/avr/4.6.2/avr5/libgcc.a(_mulsi3.o)
 .debug_line    0x00001482       0x7c /usr/local/CrossPack-AVR-20121128/lib/gcc/avr/4.6.2/avr5/libgcc.a(_udivmodsi4.o)
 .debug_line    0x000014fe       0x5c /usr/local/CrossPack-AVR-20121128/lib/gcc/avr/4.6.2/avr5/libgcc.a(_exit.o)
 .debug_line    0x0000155a       0x65 /usr/local/CrossPack-AVR-20121128/lib/gcc/avr/4.6.2/avr5/libgcc.a(_copy_data.o)
 .debug_line    0x000015bf       0x62 /usr/local/CrossPack-AVR-20121128/lib/gcc/avr/4.6.2/avr5/libgcc.a(_clear_bss.o)
 .debug_line    0x00001621      0x153 /usr/local/CrossPack-AVR-20121128/lib/gcc/avr/4.6.2/../../../../avr/lib/avr5/libc.a(malloc.o)
 .debug_line    0x00001774       0xd1 /usr/local/CrossPack-AVR-20121128/lib/gcc/avr/4.6.2/../../../../avr/lib/avr5/libc.a(printf.o)
 .debug_line    0x00001845      0x210 /usr/local/CrossPack-AVR-20121128/lib/gcc/avr/4.6.2/../../../../avr/lib/avr5/libc.a(vfprintf_std.o)
 .debug_line    0x00001a55       0x79 /usr/local/CrossPack-AVR-20121128/lib/gcc/avr/4.6.2/../../../../avr/lib/avr5/libc.a(fputc.o)
 .debug_line    0x00001ace       0x5f /usr/local/CrossPack-AVR-20121128/lib/gcc/avr/4.6.2/../../../../avr/lib/avr5/libc.a(iob.o)
 .debug_line    0x00001b2d       0x76 /usr/local/CrossPack-AVR-20121128/lib/gcc/avr/4.6.2/avr5/libgcc.a(_prologue.o)
 .debug_line    0x00001ba3       0x75 /usr/local/CrossPack-AVR-20121128/lib/gcc/avr/4.6.2/avr5/libgcc.a(_epilogue.o)

.debug_frame    0x00000000      0xed0
 *(.debug_frame)
 .debug_frame   0x00000000       0x24 test.o
 .debug_frame   0x00000024      0x260 RSXAVRD.o
 .debug_frame   0x00000284      0x914 ff.o
 .debug_frame   0x00000b98       0x74 diskio.o
 .debug_frame   0x00000c0c      0x16c mmc_avr_spi.o
 .debug_frame   0x00000d78       0x54 sd_card_test.o
 .debug_frame   0x00000dcc       0x54 /usr/local/CrossPack-AVR-20121128/lib/gcc/avr/4.6.2/../../../../avr/lib/avr5/libc.a(malloc.o)
 .debug_frame   0x00000e20       0x2c /usr/local/CrossPack-AVR-20121128/lib/gcc/avr/4.6.2/../../../../avr/lib/avr5/libc.a(printf.o)
 .debug_frame   0x00000e4c       0x4c /usr/local/CrossPack-AVR-20121128/lib/gcc/avr/4.6.2/../../../../avr/lib/avr5/libc.a(vfprintf_std.o)
 .debug_frame   0x00000e98       0x38 /usr/local/CrossPack-AVR-20121128/lib/gcc/avr/4.6.2/../../../../avr/lib/avr5/libc.a(fputc.o)

.debug_str      0x00000000      0xb39
 *(.debug_str)
 .debug_str     0x00000000       0x9b test.o
                                 0xee (size before relaxing)
 .debug_str     0x0000009b      0x231 RSXAVRD.o
                                0x30f (size before relaxing)
 .debug_str     0x000002cc      0x4e7 ff.o
                                0x5bc (size before relaxing)
 .debug_str     0x000007b3       0x1c diskio.o
                                0x175 (size before relaxing)
 .debug_str     0x000007cf      0x122 mmc_avr_spi.o
                                0x285 (size before relaxing)
 .debug_str     0x000008f1       0x3f sd_card_test.o
                                0x219 (size before relaxing)
 .debug_str     0x00000930      0x10c /usr/local/CrossPack-AVR-20121128/lib/gcc/avr/4.6.2/../../../../avr/lib/avr5/libc.a(malloc.o)
                                0x192 (size before relaxing)
 .debug_str     0x00000a3c       0x5d /usr/local/CrossPack-AVR-20121128/lib/gcc/avr/4.6.2/../../../../avr/lib/avr5/libc.a(printf.o)
                                0x14d (size before relaxing)
 .debug_str     0x00000a99       0x64 /usr/local/CrossPack-AVR-20121128/lib/gcc/avr/4.6.2/../../../../avr/lib/avr5/libc.a(vfprintf_std.o)
                                0x193 (size before relaxing)
 .debug_str     0x00000afd       0x22 /usr/local/CrossPack-AVR-20121128/lib/gcc/avr/4.6.2/../../../../avr/lib/avr5/libc.a(fputc.o)
                                0x123 (size before relaxing)
 .debug_str     0x00000b1f       0x1a /usr/local/CrossPack-AVR-20121128/lib/gcc/avr/4.6.2/../../../../avr/lib/avr5/libc.a(iob.o)
                                0x11a (size before relaxing)

.debug_loc      0x00000000     0x976c
 *(.debug_loc)
 .debug_loc     0x00000000      0x5e9 RSXAVRD.o
 .debug_loc     0x000005e9     0x7571 ff.o
 .debug_loc     0x00007b5a       0x5f diskio.o
 .debug_loc     0x00007bb9     0x1136 mmc_avr_spi.o
 .debug_loc     0x00008cef       0xa7 sd_card_test.o
 .debug_loc     0x00008d96      0x421 /usr/local/CrossPack-AVR-20121128/lib/gcc/avr/4.6.2/../../../../avr/lib/avr5/libc.a(malloc.o)
 .debug_loc     0x000091b7       0x21 /usr/local/CrossPack-AVR-20121128/lib/gcc/avr/4.6.2/../../../../avr/lib/avr5/libc.a(printf.o)
 .debug_loc     0x000091d8      0x4fb /usr/local/CrossPack-AVR-20121128/lib/gcc/avr/4.6.2/../../../../avr/lib/avr5/libc.a(vfprintf_std.o)
 .debug_loc     0x000096d3       0x99 /usr/local/CrossPack-AVR-20121128/lib/gcc/avr/4.6.2/../../../../avr/lib/avr5/libc.a(fputc.o)

.debug_macinfo
 *(.debug_macinfo)
OUTPUT(test.elf elf32-avr)
LOAD linker stubs

.debug_ranges   0x00000000      0x5e8
 .debug_ranges  0x00000000       0x10 test.o
 .debug_ranges  0x00000010      0x3f0 ff.o
 .debug_ranges  0x00000400      0x190 mmc_avr_spi.o
 .debug_ranges  0x00000590       0x10 sd_card_test.o
 .debug_ranges  0x000005a0       0x18 /usr/local/CrossPack-AVR-20121128/lib/gcc/avr/4.6.2/../../../../avr/lib/avr5/libc.a(malloc.o)
 .debug_ranges  0x000005b8       0x10 /usr/local/CrossPack-AVR-20121128/lib/gcc/avr/4.6.2/../../../../avr/lib/avr5/libc.a(printf.o)
 .debug_ranges  0x000005c8       0x10 /usr/local/CrossPack-AVR-20121128/lib/gcc/avr/4.6.2/../../../../avr/lib/avr5/libc.a(vfprintf_std.o)
 .debug_ranges  0x000005d8       0x10 /usr/local/CrossPack-AVR-20121128/lib/gcc/avr/4.6.2/../../../../avr/lib/avr5/libc.a(fputc.o)
