Archive member included because of file (symbol)

/usr/local/CrossPack-AVR-20121128/lib/gcc/avr/4.6.2/avr5/libgcc.a(_mulsi3.o)
                              ff.o (__mulsi3)
/usr/local/CrossPack-AVR-20121128/lib/gcc/avr/4.6.2/avr5/libgcc.a(_udivmodsi4.o)
                              ff.o (__udivmodsi4)
/usr/local/CrossPack-AVR-20121128/lib/gcc/avr/4.6.2/avr5/libgcc.a(_exit.o)
                              /usr/local/CrossPack-AVR-20121128/lib/gcc/avr/4.6.2/../../../../avr/lib/avr5/crtm64.o (exit)
/usr/local/CrossPack-AVR-20121128/lib/gcc/avr/4.6.2/avr5/libgcc.a(_copy_data.o)
                              test.o (__do_copy_data)
/usr/local/CrossPack-AVR-20121128/lib/gcc/avr/4.6.2/avr5/libgcc.a(_clear_bss.o)
                              test.o (__do_clear_bss)

Memory Configuration

Name             Origin             Length             Attributes
text             0x00000000         0x00020000         xr
data             0x00800060         0x0000ffa0         rw !x
eeprom           0x00810000         0x00010000         rw !x
fuse             0x00820000         0x00000400         rw !x
lock             0x00830000         0x00000400         rw !x
signature        0x00840000         0x00000400         rw !x
*default*        0x00000000         0xffffffff

Linker script and memory map

Address of section .data set to 0x800100
LOAD /usr/local/CrossPack-AVR-20121128/lib/gcc/avr/4.6.2/../../../../avr/lib/avr5/crtm64.o
LOAD test.o
LOAD RSXAVRD.o
LOAD ff.o
LOAD diskio.o
LOAD mmc_avr_spi.o
LOAD /usr/local/CrossPack-AVR-20121128/lib/gcc/avr/4.6.2/avr5/libgcc.a
LOAD /usr/local/CrossPack-AVR-20121128/lib/gcc/avr/4.6.2/../../../../avr/lib/avr5/libc.a
LOAD /usr/local/CrossPack-AVR-20121128/lib/gcc/avr/4.6.2/avr5/libgcc.a

.hash
 *(.hash)

.dynsym
 *(.dynsym)

.dynstr
 *(.dynstr)

.gnu.version
 *(.gnu.version)

.gnu.version_d
 *(.gnu.version_d)

.gnu.version_r
 *(.gnu.version_r)

.rel.init
 *(.rel.init)

.rela.init
 *(.rela.init)

.rel.text
 *(.rel.text)
 *(.rel.text.*)
 *(.rel.gnu.linkonce.t*)

.rela.text
 *(.rela.text)
 *(.rela.text.*)
 *(.rela.gnu.linkonce.t*)

.rel.fini
 *(.rel.fini)

.rela.fini
 *(.rela.fini)

.rel.rodata
 *(.rel.rodata)
 *(.rel.rodata.*)
 *(.rel.gnu.linkonce.r*)

.rela.rodata
 *(.rela.rodata)
 *(.rela.rodata.*)
 *(.rela.gnu.linkonce.r*)

.rel.data
 *(.rel.data)
 *(.rel.data.*)
 *(.rel.gnu.linkonce.d*)

.rela.data
 *(.rela.data)
 *(.rela.data.*)
 *(.rela.gnu.linkonce.d*)

.rel.ctors
 *(.rel.ctors)

.rela.ctors
 *(.rela.ctors)

.rel.dtors
 *(.rel.dtors)

.rela.dtors
 *(.rela.dtors)

.rel.got
 *(.rel.got)

.rela.got
 *(.rela.got)

.rel.bss
 *(.rel.bss)

.rela.bss
 *(.rela.bss)

.rel.plt
 *(.rel.plt)

.rela.plt
 *(.rela.plt)

.text           0x00000000     0x52cc
 *(.vectors)
 .vectors       0x00000000       0x8c /usr/local/CrossPack-AVR-20121128/lib/gcc/avr/4.6.2/../../../../avr/lib/avr5/crtm64.o
                0x00000000                __vectors
                0x00000000                __vector_default
 *(.vectors)
 *(.progmem.gcc*)
 *(.progmem*)
                0x0000008c                . = ALIGN (0x2)
                0x0000008c                __trampolines_start = .
 *(.trampolines)
 .trampolines   0x0000008c        0x0 linker stubs
 *(.trampolines*)
                0x0000008c                __trampolines_end = .
 *(.jumptables)
 *(.jumptables*)
 *(.lowtext)
 *(.lowtext*)
                0x0000008c                __ctors_start = .
 *(.ctors)
                0x0000008c                __ctors_end = .
                0x0000008c                __dtors_start = .
 *(.dtors)
                0x0000008c                __dtors_end = .
 SORT(*)(.ctors)
 SORT(*)(.dtors)
 *(.init0)
 .init0         0x0000008c        0x0 /usr/local/CrossPack-AVR-20121128/lib/gcc/avr/4.6.2/../../../../avr/lib/avr5/crtm64.o
                0x0000008c                __init
 *(.init0)
 *(.init1)
 *(.init1)
 *(.init2)
 .init2         0x0000008c        0xc /usr/local/CrossPack-AVR-20121128/lib/gcc/avr/4.6.2/../../../../avr/lib/avr5/crtm64.o
 *(.init2)
 *(.init3)
 *(.init3)
 *(.init4)
 .init4         0x00000098       0x16 /usr/local/CrossPack-AVR-20121128/lib/gcc/avr/4.6.2/avr5/libgcc.a(_copy_data.o)
                0x00000098                __do_copy_data
 .init4         0x000000ae       0x10 /usr/local/CrossPack-AVR-20121128/lib/gcc/avr/4.6.2/avr5/libgcc.a(_clear_bss.o)
                0x000000ae                __do_clear_bss
 *(.init4)
 *(.init5)
 *(.init5)
 *(.init6)
 *(.init6)
 *(.init7)
 *(.init7)
 *(.init8)
 *(.init8)
 *(.init9)
 .init9         0x000000be        0x8 /usr/local/CrossPack-AVR-20121128/lib/gcc/avr/4.6.2/../../../../avr/lib/avr5/crtm64.o
 *(.init9)
 *(.text)
 .text          0x000000c6        0x4 /usr/local/CrossPack-AVR-20121128/lib/gcc/avr/4.6.2/../../../../avr/lib/avr5/crtm64.o
                0x000000c6                __vector_20
                0x000000c6                __vector_28
                0x000000c6                __vector_1
                0x000000c6                __vector_32
                0x000000c6                __vector_34
                0x000000c6                __vector_24
                0x000000c6                __vector_12
                0x000000c6                __bad_interrupt
                0x000000c6                __vector_6
                0x000000c6                __vector_31
                0x000000c6                __vector_3
                0x000000c6                __vector_23
                0x000000c6                __vector_30
                0x000000c6                __vector_25
                0x000000c6                __vector_11
                0x000000c6                __vector_13
                0x000000c6                __vector_17
                0x000000c6                __vector_19
                0x000000c6                __vector_7
                0x000000c6                __vector_27
                0x000000c6                __vector_5
                0x000000c6                __vector_33
                0x000000c6                __vector_4
                0x000000c6                __vector_9
                0x000000c6                __vector_2
                0x000000c6                __vector_21
                0x000000c6                __vector_15
                0x000000c6                __vector_29
                0x000000c6                __vector_8
                0x000000c6                __vector_26
                0x000000c6                __vector_14
                0x000000c6                __vector_10
                0x000000c6                __vector_16
                0x000000c6                __vector_18
                0x000000c6                __vector_22
 .text          0x000000ca        0x0 test.o
 .text          0x000000ca      0x1f8 RSXAVRD.o
                0x000000ca                init_motors
                0x000000e2                motor_pwr
                0x00000148                motor_dir
                0x000001a8                step_motor
                0x0000026c                send_code
 .text          0x000002c2     0x424a ff.o
                0x000022da                f_mount
                0x00002378                f_open
                0x00002864                f_read
                0x00002be4                f_write
                0x00003054                f_sync
                0x00003174                f_close
                0x000031be                f_lseek
                0x00003696                f_opendir
                0x00003788                f_closedir
                0x000037ba                f_readdir
                0x00003852                f_stat
                0x000038ea                f_getfree
                0x00003b82                f_truncate
                0x00003d44                f_unlink
                0x00003eb4                f_mkdir
                0x00004252                f_rename
 .text          0x0000450c       0x1c diskio.o
                0x0000450c                disk_status
                0x00004510                disk_initialize
                0x00004514                disk_read
                0x0000451a                disk_write
                0x00004520                disk_ioctl
                0x00004526                disk_timerproc
 .text          0x00004528      0xcfa mmc_avr_spi.o
                0x00004722                mmc_disk_initialize
                0x0000489c                mmc_disk_status
                0x000048a2                mmc_disk_read
                0x0000496a                mmc_disk_write
                0x00004a86                mmc_disk_ioctl
                0x000051fa                mmc_disk_timerproc
 .text          0x00005222        0x0 /usr/local/CrossPack-AVR-20121128/lib/gcc/avr/4.6.2/avr5/libgcc.a(_mulsi3.o)
 .text          0x00005222        0x0 /usr/local/CrossPack-AVR-20121128/lib/gcc/avr/4.6.2/avr5/libgcc.a(_udivmodsi4.o)
 .text          0x00005222        0x0 /usr/local/CrossPack-AVR-20121128/lib/gcc/avr/4.6.2/avr5/libgcc.a(_exit.o)
 .text          0x00005222        0x0 /usr/local/CrossPack-AVR-20121128/lib/gcc/avr/4.6.2/avr5/libgcc.a(_copy_data.o)
 .text          0x00005222        0x0 /usr/local/CrossPack-AVR-20121128/lib/gcc/avr/4.6.2/avr5/libgcc.a(_clear_bss.o)
                0x00005222                . = ALIGN (0x2)
 *(.text.*)
 .text.startup  0x00005222       0x24 test.o
                0x00005222                main
 .text.libgcc   0x00005246       0x3e /usr/local/CrossPack-AVR-20121128/lib/gcc/avr/4.6.2/avr5/libgcc.a(_mulsi3.o)
                0x00005246                __mulsi3
 .text.libgcc   0x00005284       0x44 /usr/local/CrossPack-AVR-20121128/lib/gcc/avr/4.6.2/avr5/libgcc.a(_udivmodsi4.o)
                0x00005284                __udivmodsi4
 .text.libgcc   0x000052c8        0x0 /usr/local/CrossPack-AVR-20121128/lib/gcc/avr/4.6.2/avr5/libgcc.a(_exit.o)
 .text.libgcc   0x000052c8        0x0 /usr/local/CrossPack-AVR-20121128/lib/gcc/avr/4.6.2/avr5/libgcc.a(_copy_data.o)
 .text.libgcc   0x000052c8        0x0 /usr/local/CrossPack-AVR-20121128/lib/gcc/avr/4.6.2/avr5/libgcc.a(_clear_bss.o)
                0x000052c8                . = ALIGN (0x2)
 *(.fini9)
 .fini9         0x000052c8        0x0 /usr/local/CrossPack-AVR-20121128/lib/gcc/avr/4.6.2/avr5/libgcc.a(_exit.o)
                0x000052c8                exit
                0x000052c8                _exit
 *(.fini9)
 *(.fini8)
 *(.fini8)
 *(.fini7)
 *(.fini7)
 *(.fini6)
 *(.fini6)
 *(.fini5)
 *(.fini5)
 *(.fini4)
 *(.fini4)
 *(.fini3)
 *(.fini3)
 *(.fini2)
 *(.fini2)
 *(.fini1)
 *(.fini1)
 *(.fini0)
 .fini0         0x000052c8        0x4 /usr/local/CrossPack-AVR-20121128/lib/gcc/avr/4.6.2/avr5/libgcc.a(_exit.o)
 *(.fini0)
                0x000052cc                _etext = .

.data           0x00800100       0x1c load address 0x000052cc
                0x00800100                PROVIDE (__data_start, .)
 *(.data)
 .data          0x00800100        0x0 /usr/local/CrossPack-AVR-20121128/lib/gcc/avr/4.6.2/../../../../avr/lib/avr5/crtm64.o
 .data          0x00800100        0x0 test.o
 .data          0x00800100        0xc RSXAVRD.o
 .data          0x0080010c        0xf ff.o
 .data          0x0080011b        0x0 diskio.o
 .data          0x0080011b        0x1 mmc_avr_spi.o
 .data          0x0080011c        0x0 /usr/local/CrossPack-AVR-20121128/lib/gcc/avr/4.6.2/avr5/libgcc.a(_mulsi3.o)
 .data          0x0080011c        0x0 /usr/local/CrossPack-AVR-20121128/lib/gcc/avr/4.6.2/avr5/libgcc.a(_udivmodsi4.o)
 .data          0x0080011c        0x0 /usr/local/CrossPack-AVR-20121128/lib/gcc/avr/4.6.2/avr5/libgcc.a(_exit.o)
 .data          0x0080011c        0x0 /usr/local/CrossPack-AVR-20121128/lib/gcc/avr/4.6.2/avr5/libgcc.a(_copy_data.o)
 .data          0x0080011c        0x0 /usr/local/CrossPack-AVR-20121128/lib/gcc/avr/4.6.2/avr5/libgcc.a(_clear_bss.o)
 *(.data*)
 *(.rodata)
 *(.rodata*)
 *(.gnu.linkonce.d*)
                0x0080011c                . = ALIGN (0x2)
                0x0080011c                _edata = .
                0x0080011c                PROVIDE (__data_end, .)

.bss            0x0080011c        0x7
                0x0080011c                PROVIDE (__bss_start, .)
 *(.bss)
 .bss           0x0080011c        0x0 /usr/local/CrossPack-AVR-20121128/lib/gcc/avr/4.6.2/../../../../avr/lib/avr5/crtm64.o
 .bss           0x0080011c        0x0 test.o
 .bss           0x0080011c        0x0 RSXAVRD.o
 .bss           0x0080011c        0x4 ff.o
 .bss           0x00800120        0x0 diskio.o
 .bss           0x00800120        0x3 mmc_avr_spi.o
 .bss           0x00800123        0x0 /usr/local/CrossPack-AVR-20121128/lib/gcc/avr/4.6.2/avr5/libgcc.a(_mulsi3.o)
 .bss           0x00800123        0x0 /usr/local/CrossPack-AVR-20121128/lib/gcc/avr/4.6.2/avr5/libgcc.a(_udivmodsi4.o)
 .bss           0x00800123        0x0 /usr/local/CrossPack-AVR-20121128/lib/gcc/avr/4.6.2/avr5/libgcc.a(_exit.o)
 .bss           0x00800123        0x0 /usr/local/CrossPack-AVR-20121128/lib/gcc/avr/4.6.2/avr5/libgcc.a(_copy_data.o)
 .bss           0x00800123        0x0 /usr/local/CrossPack-AVR-20121128/lib/gcc/avr/4.6.2/avr5/libgcc.a(_clear_bss.o)
 *(.bss*)
 *(COMMON)
                0x00800123                PROVIDE (__bss_end, .)
                0x000052cc                __data_load_start = LOADADDR (.data)
                0x000052e8                __data_load_end = (__data_load_start + SIZEOF (.data))

.noinit         0x00800123        0x0
                0x00800123                PROVIDE (__noinit_start, .)
 *(.noinit*)
                0x00800123                PROVIDE (__noinit_end, .)
                0x00800123                _end = .
                0x00800123                PROVIDE (__heap_start, .)

.eeprom         0x00810000        0x0
 *(.eeprom*)
                0x00810000                __eeprom_end = .

.fuse
 *(.fuse)
 *(.lfuse)
 *(.hfuse)
 *(.efuse)

.lock
 *(.lock*)

.signature
 *(.signature*)

.stab           0x00000000      0x6cc
 *(.stab)
 .stab          0x00000000      0x6cc /usr/local/CrossPack-AVR-20121128/lib/gcc/avr/4.6.2/../../../../avr/lib/avr5/crtm64.o

.stabstr        0x00000000       0x81
 *(.stabstr)
 .stabstr       0x00000000       0x81 /usr/local/CrossPack-AVR-20121128/lib/gcc/avr/4.6.2/../../../../avr/lib/avr5/crtm64.o

.stab.excl
 *(.stab.excl)

.stab.exclstr
 *(.stab.exclstr)

.stab.index
 *(.stab.index)

.stab.indexstr
 *(.stab.indexstr)

.comment
 *(.comment)

.debug
 *(.debug)

.line
 *(.line)

.debug_srcinfo
 *(.debug_srcinfo)

.debug_sfnames
 *(.debug_sfnames)

.debug_aranges  0x00000000      0x140
 *(.debug_aranges)
 .debug_aranges
                0x00000000       0x20 test.o
 .debug_aranges
                0x00000020       0x20 RSXAVRD.o
 .debug_aranges
                0x00000040       0x20 ff.o
 .debug_aranges
                0x00000060       0x20 diskio.o
 .debug_aranges
                0x00000080       0x20 mmc_avr_spi.o
 .debug_aranges
                0x000000a0       0x20 /usr/local/CrossPack-AVR-20121128/lib/gcc/avr/4.6.2/avr5/libgcc.a(_mulsi3.o)
 .debug_aranges
                0x000000c0       0x20 /usr/local/CrossPack-AVR-20121128/lib/gcc/avr/4.6.2/avr5/libgcc.a(_udivmodsi4.o)
 .debug_aranges
                0x000000e0       0x20 /usr/local/CrossPack-AVR-20121128/lib/gcc/avr/4.6.2/avr5/libgcc.a(_exit.o)
 .debug_aranges
                0x00000100       0x20 /usr/local/CrossPack-AVR-20121128/lib/gcc/avr/4.6.2/avr5/libgcc.a(_copy_data.o)
 .debug_aranges
                0x00000120       0x20 /usr/local/CrossPack-AVR-20121128/lib/gcc/avr/4.6.2/avr5/libgcc.a(_clear_bss.o)

.debug_pubnames
 *(.debug_pubnames)

.debug_info     0x00000000     0x459e
 *(.debug_info)
 .debug_info    0x00000000       0x7a test.o
 .debug_info    0x0000007a      0x2f4 RSXAVRD.o
 .debug_info    0x0000036e     0x2e28 ff.o
 .debug_info    0x00003196      0x25c diskio.o
 .debug_info    0x000033f2      0xdec mmc_avr_spi.o
 .debug_info    0x000041de       0xc0 /usr/local/CrossPack-AVR-20121128/lib/gcc/avr/4.6.2/avr5/libgcc.a(_mulsi3.o)
 .debug_info    0x0000429e       0xc0 /usr/local/CrossPack-AVR-20121128/lib/gcc/avr/4.6.2/avr5/libgcc.a(_udivmodsi4.o)
 .debug_info    0x0000435e       0xc0 /usr/local/CrossPack-AVR-20121128/lib/gcc/avr/4.6.2/avr5/libgcc.a(_exit.o)
 .debug_info    0x0000441e       0xc0 /usr/local/CrossPack-AVR-20121128/lib/gcc/avr/4.6.2/avr5/libgcc.a(_copy_data.o)
 .debug_info    0x000044de       0xc0 /usr/local/CrossPack-AVR-20121128/lib/gcc/avr/4.6.2/avr5/libgcc.a(_clear_bss.o)
 *(.gnu.linkonce.wi.*)

.debug_abbrev   0x00000000      0x7b3
 *(.debug_abbrev)
 .debug_abbrev  0x00000000       0x41 test.o
 .debug_abbrev  0x00000041      0x147 RSXAVRD.o
 .debug_abbrev  0x00000188      0x254 ff.o
 .debug_abbrev  0x000003dc       0xbf diskio.o
 .debug_abbrev  0x0000049b      0x2b4 mmc_avr_spi.o
 .debug_abbrev  0x0000074f       0x14 /usr/local/CrossPack-AVR-20121128/lib/gcc/avr/4.6.2/avr5/libgcc.a(_mulsi3.o)
 .debug_abbrev  0x00000763       0x14 /usr/local/CrossPack-AVR-20121128/lib/gcc/avr/4.6.2/avr5/libgcc.a(_udivmodsi4.o)
 .debug_abbrev  0x00000777       0x14 /usr/local/CrossPack-AVR-20121128/lib/gcc/avr/4.6.2/avr5/libgcc.a(_exit.o)
 .debug_abbrev  0x0000078b       0x14 /usr/local/CrossPack-AVR-20121128/lib/gcc/avr/4.6.2/avr5/libgcc.a(_copy_data.o)
 .debug_abbrev  0x0000079f       0x14 /usr/local/CrossPack-AVR-20121128/lib/gcc/avr/4.6.2/avr5/libgcc.a(_clear_bss.o)

.debug_line     0x00000000     0x1477
 *(.debug_line)
 .debug_line    0x00000000       0x3b test.o
 .debug_line    0x0000003b      0x12e RSXAVRD.o
 .debug_line    0x00000169      0xbd2 ff.o
 .debug_line    0x00000d3b       0x6d diskio.o
 .debug_line    0x00000da8      0x4b7 mmc_avr_spi.o
 .debug_line    0x0000125f       0x79 /usr/local/CrossPack-AVR-20121128/lib/gcc/avr/4.6.2/avr5/libgcc.a(_mulsi3.o)
 .debug_line    0x000012d8       0x7c /usr/local/CrossPack-AVR-20121128/lib/gcc/avr/4.6.2/avr5/libgcc.a(_udivmodsi4.o)
 .debug_line    0x00001354       0x5c /usr/local/CrossPack-AVR-20121128/lib/gcc/avr/4.6.2/avr5/libgcc.a(_exit.o)
 .debug_line    0x000013b0       0x65 /usr/local/CrossPack-AVR-20121128/lib/gcc/avr/4.6.2/avr5/libgcc.a(_copy_data.o)
 .debug_line    0x00001415       0x62 /usr/local/CrossPack-AVR-20121128/lib/gcc/avr/4.6.2/avr5/libgcc.a(_clear_bss.o)

.debug_frame    0x00000000      0xbbc
 *(.debug_frame)
 .debug_frame   0x00000000       0x24 test.o
 .debug_frame   0x00000024       0xa4 RSXAVRD.o
 .debug_frame   0x000000c8      0x914 ff.o
 .debug_frame   0x000009dc       0x74 diskio.o
 .debug_frame   0x00000a50      0x16c mmc_avr_spi.o

.debug_str      0x00000000      0x792
 *(.debug_str)
 .debug_str     0x00000000       0x89 test.o
                                 0xc2 (size before relaxing)
 .debug_str     0x00000089       0xdf RSXAVRD.o
                                0x1a5 (size before relaxing)
 .debug_str     0x00000168      0x4e7 ff.o
                                0x5bc (size before relaxing)
 .debug_str     0x0000064f       0x1c diskio.o
                                0x175 (size before relaxing)
 .debug_str     0x0000066b      0x127 mmc_avr_spi.o
                                0x285 (size before relaxing)

.debug_loc      0x00000000     0x8985
 *(.debug_loc)
 .debug_loc     0x00000000      0x2ab RSXAVRD.o
 .debug_loc     0x000002ab     0x7571 ff.o
 .debug_loc     0x0000781c       0x5f diskio.o
 .debug_loc     0x0000787b     0x110a mmc_avr_spi.o

.debug_macinfo
 *(.debug_macinfo)
OUTPUT(test.elf elf32-avr)
LOAD linker stubs

.debug_ranges   0x00000000      0x590
 .debug_ranges  0x00000000       0x10 test.o
 .debug_ranges  0x00000010      0x3f0 ff.o
 .debug_ranges  0x00000400      0x190 mmc_avr_spi.o
